// Jest Snapshot v1, https://goo.gl/fbAQLP

exports[`App component snapshotTesting of App Component 1`] = `
<div
  className="App"
>
  <Connect(Header) />
  <Connect(CoursesTable) />
</div>
`;
